2020-12-30 21:11:13
:  checking for  root 
